// Jest Snapshot v1, https://goo.gl/fbAQLP

exports[`MonitoringLinkStack should match snapshot 1`] = `
Object {
  "Parameters": Object {
    "AccountLabel": Object {
      "Default": "$AccountName",
      "Description": "The account label",
      "Type": "String",
    },
    "BootstrapVersion": Object {
      "Default": "/cdk-bootstrap/hnb659fds/version",
      "Description": "Version of the CDK Bootstrap resources in this environment, automatically retrieved from SSM Parameter Store. [cdk:skip]",
      "Type": "AWS::SSM::Parameter::Value<String>",
    },
    "MonitoringSinkArn": Object {
      "Description": "The monitoring sink ARN",
      "Type": "String",
    },
  },
  "Resources": Object {
    "CWCrossAccountSharingRole54960778": Object {
      "Properties": Object {
        "AssumeRolePolicyDocument": Object {
          "Statement": Array [
            Object {
              "Action": "sts:AssumeRole",
              "Effect": "Allow",
              "Principal": Object {
                "AWS": Object {
                  "Fn::Join": Array [
                    "",
                    Array [
                      "arn:",
                      Object {
                        "Ref": "AWS::Partition",
                      },
                      ":iam::",
                      Object {
                        "Fn::Select": Array [
                          4,
                          Object {
                            "Fn::Split": Array [
                              ":",
                              Object {
                                "Ref": "MonitoringSinkArn",
                              },
                            ],
                          },
                        ],
                      },
                      ":root",
                    ],
                  ],
                },
              },
            },
          ],
          "Version": "2012-10-17",
        },
        "ManagedPolicyArns": Array [
          Object {
            "Fn::Join": Array [
              "",
              Array [
                "arn:",
                Object {
                  "Ref": "AWS::Partition",
                },
                ":iam::aws:policy/CloudWatchReadOnlyAccess",
              ],
            ],
          },
          Object {
            "Fn::Join": Array [
              "",
              Array [
                "arn:",
                Object {
                  "Ref": "AWS::Partition",
                },
                ":iam::aws:policy/CloudWatchAutomaticDashboardsAccess",
              ],
            ],
          },
        ],
        "Path": "/",
        "RoleName": "CloudWatch-CrossAccountSharingRole",
      },
      "Type": "AWS::IAM::Role",
    },
    "MonitoringLink": Object {
      "Properties": Object {
        "LabelTemplate": Object {
          "Ref": "AccountLabel",
        },
        "ResourceTypes": Array [
          "AWS::CloudWatch::Metric",
          "AWS::Logs::LogGroup",
        ],
        "SinkIdentifier": Object {
          "Ref": "MonitoringSinkArn",
        },
      },
      "Type": "AWS::Oam::Link",
    },
  },
  "Rules": Object {
    "CheckBootstrapVersion": Object {
      "Assertions": Array [
        Object {
          "Assert": Object {
            "Fn::Not": Array [
              Object {
                "Fn::Contains": Array [
                  Array [
                    "1",
                    "2",
                    "3",
                    "4",
                    "5",
                  ],
                  Object {
                    "Ref": "BootstrapVersion",
                  },
                ],
              },
            ],
          },
          "AssertDescription": "CDK bootstrap stack version 6 required. Please run 'cdk bootstrap' with a recent version of the CDK CLI.",
        },
      ],
    },
  },
}
`;
